[
    {
        "name": "\u0986\u09a8\u09cd\u09a4\u09b0\u09cd\u099c\u09be\u09a4\u09bf\u0995 \u09ae\u09be\u09a4\u09c3\u09ad\u09be\u09b7\u09be \u09a6\u09bf\u09ac\u09b8",
        "date": "2024-02-21"
    },
    {
        "name": "\u09b6\u09c7\u0996 \u09ae\u09c1\u099c\u09bf\u09ac\u09c1\u09b0 \u09b0\u09b9\u09ae\u09be\u09a8\u09c7\u09b0 \u099c\u09a8\u09cd\u09ae\u09a6\u09bf\u09a8",
        "date": "2024-03-17"
    },
    {
        "name": "\u09b8\u09cd\u09ac\u09be\u09a7\u09c0\u09a8\u09a4\u09be \u09a6\u09bf\u09ac\u09b8",
        "date": "2024-03-26"
    },
    {
        "name": "\u09ac\u09be\u0982\u09b2\u09be \u09a8\u09ac\u09ac\u09b0\u09cd\u09b7",
        "date": "2024-04-14"
    },
    {
        "name": "\u09ae\u09c7 \u09a6\u09bf\u09ac\u09b8",
        "date": "2024-05-01"
    },
    {
        "name": "\u099c\u09be\u09a4\u09c0\u09af\u09bc \u09b6\u09cb\u0995 \u09a6\u09bf\u09ac\u09b8",
        "date": "2024-08-15"
    },
    {
        "name": "\u09ac\u09bf\u099c\u09af\u09bc \u09a6\u09bf\u09ac\u09b8",
        "date": "2024-12-16"
    },
    {
        "name": "\u09ac\u09a1\u09bc\u09a6\u09bf\u09a8",
        "date": "2024-12-25"
    }
]